Scan number: 2
Precursor m/z:576.54
Total Ion Current:1408.50
Base Peak Intensity:185.2
Number of peaks:117
Minimum m/z:217.2
Maximum m/z:1037.9
Charge state:2
Neutral mass:1151.06
Charged mass:1153.08
M+H+ mass:1152.07
Charge state:3
Neutral mass:1726.59
Charged mass:1729.62
M+H+ mass:1727.60
