# PEPTIDE: IAMASEQ
# AVERAGE: 748.849304 MONO:748.342590
# CHARGE: 2
# MAX-ION-CHARGE: peptide
# NH3 modification: 1
# H2O modification: 0
# ISOTOPE modification: 0
# FLANK modification: 0
m/z	mass	charge	ion-series	peptide-bond-index	nh3	h2o	isotope	flank
147.08	147.08	1	y	1	0	0	0	0
276.12	276.12	1	y	2	0	0	0	0
363.15	363.15	1	y	3	0	0	0	0
434.19	434.19	1	y	4	0	0	0	0
565.23	565.23	1	y	5	0	0	0	0
636.27	636.27	1	y	6	0	0	0	0
130.05	130.05	1	y	1	1	0	0	0
259.09	259.09	1	y	2	1	0	0	0
346.13	346.13	1	y	3	1	0	0	0
417.16	417.16	1	y	4	1	0	0	0
548.20	548.20	1	y	5	1	0	0	0
619.24	619.24	1	y	6	1	0	0	0
