# PEPTIDE: IAMASEQ
# AVERAGE: 748.849304 MONO:748.342590
# CHARGE: 2
# MAX-ION-CHARGE: peptide
# NH3 modification: 0
# H2O modification: 1
# ISOTOPE modification: 0
# FLANK modification: 0
m/z	mass	charge	ion-series	peptide-bond-index	nh3	h2o	isotope	flank
114.09	114.09	1	b	1	0	0	0	0
185.13	185.13	1	b	2	0	0	0	0
316.17	316.17	1	b	3	0	0	0	0
387.21	387.21	1	b	4	0	0	0	0
474.24	474.24	1	b	5	0	0	0	0
603.28	603.28	1	b	6	0	0	0	0
749.35	749.35	1	p	7	0	0	0	0
96.08	96.08	1	b	1	0	1	0	0
167.12	167.12	1	b	2	0	1	0	0
298.16	298.16	1	b	3	0	1	0	0
369.20	369.20	1	b	4	0	1	0	0
456.23	456.23	1	b	5	0	1	0	0
585.27	585.27	1	b	6	0	1	0	0
731.34	731.34	1	p	7	0	1	0	0
