# PEPTIDE: IAMASEQ
# AVERAGE: 748.849304 MONO:748.342590
# CHARGE: 3
# MAX-ION-CHARGE: 1
# NH3 modification: 0
# H2O modification: 0
# ISOTOPE modification: 0
# FLANK modification: 1
m/z	mass	charge	ion-series	peptide-bond-index	nh3	h2o	isotope	flank
114.09	114.09	1	b	1	0	0	0	0
147.08	147.08	1	y	1	0	0	0	0
185.13	185.13	1	b	2	0	0	0	0
276.12	276.12	1	y	2	0	0	0	0
316.17	316.17	1	b	3	0	0	0	0
363.15	363.15	1	y	3	0	0	0	0
387.21	387.21	1	b	4	0	0	0	0
434.19	434.19	1	y	4	0	0	0	0
474.24	474.24	1	b	5	0	0	0	0
565.23	565.23	1	y	5	0	0	0	0
603.28	603.28	1	b	6	0	0	0	0
636.27	636.27	1	y	6	0	0	0	0
115.09	115.09	1	b	1	0	0	0	1
113.09	113.09	1	b	1	0	0	0	-1
148.08	148.08	1	y	1	0	0	0	1
146.08	146.08	1	y	1	0	0	0	-1
186.13	186.13	1	b	2	0	0	0	1
184.13	184.13	1	b	2	0	0	0	-1
277.12	277.12	1	y	2	0	0	0	1
275.12	275.12	1	y	2	0	0	0	-1
317.17	317.17	1	b	3	0	0	0	1
315.17	315.17	1	b	3	0	0	0	-1
364.15	364.15	1	y	3	0	0	0	1
362.15	362.15	1	y	3	0	0	0	-1
388.21	388.21	1	b	4	0	0	0	1
386.21	386.21	1	b	4	0	0	0	-1
435.19	435.19	1	y	4	0	0	0	1
433.19	433.19	1	y	4	0	0	0	-1
475.24	475.24	1	b	5	0	0	0	1
473.24	473.24	1	b	5	0	0	0	-1
566.23	566.23	1	y	5	0	0	0	1
564.23	564.23	1	y	5	0	0	0	-1
604.28	604.28	1	b	6	0	0	0	1
602.28	602.28	1	b	6	0	0	0	-1
637.27	637.27	1	y	6	0	0	0	1
635.27	635.27	1	y	6	0	0	0	-1
