#	time created: Fri May 31 18:10:02 2013
#	fasta file: test-binary-fasta
#	decoy fasta file: test-binary-fasta-decoy
#	min_mass: 200.00
#	max_mass: 7200.00
#	min_length: 6
#	max_length: 50
#	enzyme_type: trypsin
#	missed_cleavage: false
#	mass_type: average
#	unique peptides: unique
#	CRUX index directory: test_crux_index
#	target mass range for index file: 6.84
#	min_mass: 200.00
#	max_mass: 7200.00
#	min_length: 6
#	max_length: 50
#	enzyme_type: 2
#	digest_type: 1
#	missed_cleavages: 0
#	mass_type: 0
#	unique_peptides: 1
#	decoys: 4
#	CRUX index directory: test_crux_index
#	time created: Fri May 31 18:10:02 2013
#	target_mass_range_for_index_file: 6.84
#	static_mod_C: +57.021465
crux_index_34	585.59	6.84
crux_index_44	653.95	6.84
crux_index_48	681.29	6.84
crux_index_56	735.98	6.84
crux_index_59	756.48	6.84
crux_index_61	770.16	6.84
crux_index_62	776.99	6.84
crux_index_64	790.66	6.84
crux_index_69	824.84	6.84
crux_index_71	838.52	6.84
crux_index_72	845.35	6.84
crux_index_74	859.02	6.84
crux_index_78	886.37	6.84
crux_index_86	941.05	6.84
crux_index_90	968.40	6.84
crux_index_94	995.74	6.84
crux_index_103	1057.27	6.84
crux_index_106	1077.77	6.84
crux_index_107	1084.61	6.84
crux_index_110	1105.12	6.84
crux_index_128	1228.16	6.84
crux_index_133	1262.34	6.84
crux_index_134	1269.18	6.84
crux_index_136	1282.85	6.84
crux_index_139	1303.36	6.84
crux_index_142	1323.87	6.84
crux_index_147	1358.05	6.84
crux_index_153	1399.06	6.84
crux_index_155	1412.73	6.84
crux_index_162	1460.59	6.84
crux_index_163	1467.42	6.84
crux_index_167	1494.77	6.84
crux_index_174	1542.62	6.84
crux_index_175	1549.45	6.84
crux_index_177	1563.12	6.84
crux_index_189	1645.16	6.84
crux_index_195	1686.17	6.84
crux_index_200	1720.35	6.84
crux_index_203	1740.86	6.84
crux_index_217	1836.56	6.84
crux_index_226	1898.09	6.84
crux_index_229	1918.59	6.84
crux_index_234	1952.77	6.84
crux_index_251	2068.98	6.84
crux_index_273	2219.38	6.84
crux_index_280	2267.23	6.84
crux_index_289	2328.75	6.84
crux_index_320	2540.66	6.84
crux_index_330	2609.02	6.84
crux_index_344	2704.73	6.84
crux_index_381	2957.66	6.84
crux_index_396	3060.20	6.84
crux_index_447	3408.83	6.84
crux_index_491	3709.61	6.84
