ADCCEIWTDVDGVYTCDPR	2160.8669	gi|16127996|ref|NP_414543.1|
AMKPFIEYFNNYQPLSTR	2219.0954	gi|6381999|ref|NP_009311.2|
AMQEEFYLELK	1400.6767	gi|16127996|ref|NP_414543.1|
ANINIVAIAQGSSER	1542.8234	gi|16127996|ref|NP_414543.1|
CFSITFSLEDVLLANYLCTYFK	2590.2607	gi|6381999|ref|NP_009311.2|
DEDELPVK	944.4570	gi|16127996|ref|NP_414543.1|
DSYILDIIK	1079.5982	gi|6381999|ref|NP_009311.2|
EFDLTLNPWLTGFNDADGYFYTGFQK	3059.4096	gi|6381999|ref|NP_009311.2|
EGLLEPLAVTER	1326.7263	gi|16127996|ref|NP_414543.1|
ELMLLQSVK	1060.6071	gi|6381999|ref|NP_009311.2|
ELTAVK	660.3927	gi|6381999|ref|NP_009311.2|
EQEVFMNYINGK	1471.6887	gi|6381999|ref|NP_009311.2|
FFAALAR	795.4512	gi|16127996|ref|NP_414543.1|
FGGTSVANAER	1108.5382	gi|16127996|ref|NP_414543.1|
FHLELSQK	1001.5415	gi|6381999|ref|NP_009311.2|
FLDNYTEEEK	1287.5739	gi|6381999|ref|NP_009311.2|
GELVVLGR	842.5094	gi|16127996|ref|NP_414543.1|
GHNVTVIDPVEK	1307.6954	gi|16127996|ref|NP_414543.1|
GISNLNNMAMFSVSGPGMK	1954.9183	gi|16127996|ref|NP_414543.1|
GMVGMAAR	792.3855	gi|16127996|ref|NP_414543.1|
GYYLSGLFEGDGNIYTR	1924.9078	gi|6381999|ref|NP_009311.2|
HVLHGISLLGQCPDSINAALICR	2430.2744	gi|16127996|ref|NP_414543.1|
IFAELLTGLAAAQPGFPLAQLK	2269.2954	gi|16127996|ref|NP_414543.1|
IGHITAK	739.4461	gi|6381999|ref|NP_009311.2|
IPADHMVLMAGFTAGNEK	1901.9250	gi|16127996|ref|NP_414543.1|
ISTTITTTITITTGNGAG	1722.9122	gi|16127995|ref|NP_414542.1|
ISVVLITQSSSEYSISFCVPQSDCVR	2847.3898	gi|16127996|ref|NP_414543.1|
ITNHLVAMIEK	1268.7031	gi|16127996|ref|NP_414543.1|
LAIISVVGDGMR	1230.6876	gi|16127996|ref|NP_414543.1|
LHMLTNSLLMLK	1413.7957	gi|6381999|ref|NP_009311.2|
LLAVGHYLESTVDIAESTR	2074.0815	gi|16127996|ref|NP_414543.1|
MFMMNNNMFIMFMIMYNVMR	2609.1196	gi|6382000|ref|NP_009314.2|
MLMLLMMILTNNK	1565.8288	gi|6381999|ref|NP_009311.2|
MSIAIMAGVLEAR	1361.7280	gi|16127996|ref|NP_414543.1|
NELNNR	759.3744	gi|6381999|ref|NP_009311.2|
NGSDYSAAVLAACLR	1510.7319	gi|16127996|ref|NP_414543.1|
NLYESIMNNYINILNK	1955.9898	gi|6381999|ref|NP_009311.2|
NMSLEMK	852.3954	gi|6381999|ref|NP_009311.2|
NSQWLK	775.4097	gi|6381999|ref|NP_009311.2|
NTGNPQAPGTLIGASR	1553.8031	gi|16127996|ref|NP_414543.1|
QGQVATVLSAPAK	1269.7161	gi|16127996|ref|NP_414543.1|
QVPDAR	685.3627	gi|16127996|ref|NP_414543.1|
QYLLLNIAYLLK	1464.8825	gi|6381999|ref|NP_009311.2|
SGATAYIYK	973.4989	gi|6381999|ref|NP_009311.2|
SISVVVNNDDATTGVR	1646.8344	gi|16127996|ref|NP_414543.1|
SMSYQEAMELSYFGAK	1841.8085	gi|16127996|ref|NP_414543.1|
TFVDQEFAQIK	1325.6737	gi|16127996|ref|NP_414543.1|
TGGILK	588.3715	gi|6381999|ref|NP_009311.2|
THYNNIE	890.4002	gi|6381999|ref|NP_009311.2|
TISGQDALPNISDAER	1686.8292	gi|16127996|ref|NP_414543.1|
TITPIAQFQIPCLIK	1685.9660	gi|16127996|ref|NP_414543.1|
VADILESNAR	1087.5743	gi|16127996|ref|NP_414543.1|
VFAAMSR	781.4025	gi|16127996|ref|NP_414543.1|
VFMETLYYYLMFNFQLMSPFGVPVPGPAPETK	3713.8127	gi|6381999|ref|NP_009311.2|
VMFTTFYMITNK	1495.7326	gi|6382000|ref|NP_009314.2|
VTHQMLFNTDQVIEVFVIGVGGVGGALLEQLK	3411.8339	gi|16127996|ref|NP_414543.1|
YDQYFK	863.3934	gi|6381999|ref|NP_009311.2|
YIYIFM	849.4215	gi|6382000|ref|NP_009314.2|
YNFNNR	827.3794	gi|6381999|ref|NP_009311.2|
YTININK	865.4778	gi|6381999|ref|NP_009311.2|
